[html.awaikenthemes.com/gitar/index.html]
[backblue.gif]
[fade.gif]
[index.html]
[html.awaikenthemes.com/gitar/images/favicon.png]
[html.awaikenthemes.com/gitar/css/bootstrap.min.css]
[html.awaikenthemes.com/gitar/css/slicknav.min.css]
[html.awaikenthemes.com/gitar/css/swiper-bundle.min.css]
[html.awaikenthemes.com/gitar/css/all.min.css]
[html.awaikenthemes.com/gitar/css/animate.css]
[html.awaikenthemes.com/gitar/css/magnific-popup.css]
[html.awaikenthemes.com/gitar/css/mousecursor.css]
[html.awaikenthemes.com/gitar/css/custom.css]
[html.awaikenthemes.com/gitar/images/loader.svg]
[html.awaikenthemes.com/gitar/images/logo.svg]
[html.awaikenthemes.com/gitar/index-2.html]
[html.awaikenthemes.com/gitar/index-video.html]
[html.awaikenthemes.com/gitar/index-slider.html]
[html.awaikenthemes.com/gitar/about.html]
[html.awaikenthemes.com/gitar/services.html]
[html.awaikenthemes.com/gitar/blog.html]
[html.awaikenthemes.com/gitar/service-single.html]
[html.awaikenthemes.com/gitar/blog-single.html]
[html.awaikenthemes.com/gitar/albums.html]
[html.awaikenthemes.com/gitar/album-single.html]
[html.awaikenthemes.com/gitar/team.html]
[html.awaikenthemes.com/gitar/team-single.html]
[html.awaikenthemes.com/gitar/image-gallery.html]
[html.awaikenthemes.com/gitar/video-gallery.html]
[html.awaikenthemes.com/gitar/faqs.html]
[html.awaikenthemes.com/gitar/404.html]
[html.awaikenthemes.com/gitar/contact.html]
[html.awaikenthemes.com/gitar/images/about-image.jpg]
[html.awaikenthemes.com/gitar/images/team-1.jpg]
[html.awaikenthemes.com/gitar/images/team-2.jpg]
[html.awaikenthemes.com/gitar/images/team-3.jpg]
[html.awaikenthemes.com/gitar/images/team-4.jpg]
[html.awaikenthemes.com/gitar/images/album-image-1.jpg]
[html.awaikenthemes.com/gitar/images/arrow-white.svg]
[html.awaikenthemes.com/gitar/images/album-image-2.jpg]
[html.awaikenthemes.com/gitar/images/album-image-3.jpg]
[html.awaikenthemes.com/gitar/images/album-image-4.jpg]
[html.awaikenthemes.com/gitar/images/intro-bg-image.jpg]
[html.awaikenthemes.com/gitar/images/gallery-1.jpg]
[html.awaikenthemes.com/gitar/images/gallery-2.jpg]
[html.awaikenthemes.com/gitar/images/gallery-3.jpg]
[html.awaikenthemes.com/gitar/images/gallery-4.jpg]
[html.awaikenthemes.com/gitar/images/gallery-5.jpg]
[html.awaikenthemes.com/gitar/images/gallery-6.jpg]
[html.awaikenthemes.com/gitar/images/testimonial-quote.svg]
[html.awaikenthemes.com/gitar/images/author-1.jpg]
[html.awaikenthemes.com/gitar/images/author-2.jpg]
[html.awaikenthemes.com/gitar/images/post-1.jpg]
[html.awaikenthemes.com/gitar/images/post-2.jpg]
[html.awaikenthemes.com/gitar/images/post-3.jpg]
[html.awaikenthemes.com/gitar/images/footer-logo.svg]
[html.awaikenthemes.com/gitar/js/jquery-3.7.1.min.js]
[html.awaikenthemes.com/gitar/js/bootstrap.min.js]
[html.awaikenthemes.com/gitar/js/validator.min.js]
[html.awaikenthemes.com/gitar/js/jquery.slicknav.js]
[html.awaikenthemes.com/gitar/js/swiper-bundle.min.js]
[html.awaikenthemes.com/gitar/js/jquery.waypoints.min.js]
[html.awaikenthemes.com/gitar/js/jquery.counterup.min.js]
[html.awaikenthemes.com/gitar/js/jquery.magnific-popup.min.js]
[html.awaikenthemes.com/gitar/js/SmoothScroll.js]
[html.awaikenthemes.com/gitar/js/parallaxie.js]
[html.awaikenthemes.com/gitar/js/gsap.min.js]
[html.awaikenthemes.com/gitar/js/magiccursor.js]
[html.awaikenthemes.com/gitar/js/SplitText.js]
[html.awaikenthemes.com/gitar/js/ScrollTrigger.min.js]
[html.awaikenthemes.com/gitar/js/jquery.mb.YTPlayer.min.js]
[html.awaikenthemes.com/gitar/js/wow.min.js]
[html.awaikenthemes.com/gitar/js/function.js]
[html.awaikenthemes.com/gitar/index.html]
[html.awaikenthemes.com/gitar/css/bootstrap.min.css]
[html.awaikenthemes.com/gitar/css/slicknav.min.css]
[html.awaikenthemes.com/gitar/css/swiper-bundle.min.css]
[demo.awaikenthemes.com/assets/js/theme-panel-dynamic.js]
[html.awaikenthemes.com/gitar/webfonts/fa-brands-400.woff2]
[html.awaikenthemes.com/gitar/webfonts/fa-regular-400.woff2]
[html.awaikenthemes.com/gitar/webfonts/fa-regular-400.ttf]
[html.awaikenthemes.com/gitar/webfonts/fa-brands-400.ttf]
[html.awaikenthemes.com/gitar/webfonts/fa-solid-900.woff2]
[html.awaikenthemes.com/gitar/webfonts/fa-v4compatibility.woff2]
[html.awaikenthemes.com/gitar/css/all.min.css]
[html.awaikenthemes.com/gitar/css/animate.css]
[html.awaikenthemes.com/gitar/css/magnific-popup.css]
[html.awaikenthemes.com/gitar/css/mousecursor.css]
[html.awaikenthemes.com/gitar/webfonts/fa-v4compatibility.ttf]
[html.awaikenthemes.com/gitar/images/section-bg-circle-shape.png]
[html.awaikenthemes.com/gitar/webfonts/fa-solid-900.ttf]
[html.awaikenthemes.com/gitar/images/hero-bg.jpg]
[html.awaikenthemes.com/gitar/images/section-bg-shape.png]
[html.awaikenthemes.com/gitar/images/intro-video-bg-shape.png]
[html.awaikenthemes.com/gitar/images/testimonials-bg.jpg]
[html.awaikenthemes.com/gitar/images/cta-box-bg.jpg]
[html.awaikenthemes.com/gitar/images/page-header-bg.jpg]
[html.awaikenthemes.com/gitar/css/custom.css]
[html.awaikenthemes.com/gitar/images/loader.svg]
[html.awaikenthemes.com/gitar/index-2.html]
[html.awaikenthemes.com/gitar/images/logo.svg]
[html.awaikenthemes.com/gitar/index-video.html]
[html.awaikenthemes.com/gitar/images/icon-blockquote.svg]
[html.awaikenthemes.com/gitar/images/hero-bg-2.jpg]
[html.awaikenthemes.com/gitar/index-slider.html]
[html.awaikenthemes.com/gitar/images/approach-tab-image.jpg]
[html.awaikenthemes.com/gitar/images/collection-image.jpg]
[html.awaikenthemes.com/gitar/images/icon-collection-item-1.svg]
[html.awaikenthemes.com/gitar/about.html]
[html.awaikenthemes.com/gitar/images/icon-collection-item-2.svg]
[html.awaikenthemes.com/gitar/images/icon-service-1.svg]
[html.awaikenthemes.com/gitar/images/icon-service-2.svg]
[html.awaikenthemes.com/gitar/images/icon-service-3.svg]
[html.awaikenthemes.com/gitar/images/icon-service-4.svg]
[html.awaikenthemes.com/gitar/images/icon-service-5.svg]
[html.awaikenthemes.com/gitar/services.html]
[html.awaikenthemes.com/gitar/images/icon-service-6.svg]
[html.awaikenthemes.com/gitar/images/post-4.jpg]
[html.awaikenthemes.com/gitar/images/post-5.jpg]
[html.awaikenthemes.com/gitar/images/post-6.jpg]
[html.awaikenthemes.com/gitar/blog.html]
[html.awaikenthemes.com/gitar/images/icon-sidebar-cta-box.svg]
[html.awaikenthemes.com/gitar/images/service-featured-image.jpg]
[html.awaikenthemes.com/gitar/images/service-entry-image.jpg]
[html.awaikenthemes.com/gitar/service-single.html]
[html.awaikenthemes.com/gitar/blog-single.html]
[html.awaikenthemes.com/gitar/images/album-image-5.jpg]
[html.awaikenthemes.com/gitar/images/album-image-6.jpg]
[html.awaikenthemes.com/gitar/images/album-image-7.jpg]
[html.awaikenthemes.com/gitar/images/album-image-8.jpg]
[html.awaikenthemes.com/gitar/images/album-image-9.jpg]
[html.awaikenthemes.com/gitar/albums.html]
[html.awaikenthemes.com/gitar/images/icon-album-detail-1.svg]
[html.awaikenthemes.com/gitar/images/icon-album-detail-2.svg]
[html.awaikenthemes.com/gitar/images/icon-album-detail-3.svg]
[html.awaikenthemes.com/gitar/images/icon-album-detail-4.svg]
[html.awaikenthemes.com/gitar/images/icon-album-detail-5.svg]
[html.awaikenthemes.com/gitar/images/album-artist-image.jpg]
[html.awaikenthemes.com/gitar/album-single.html]
[html.awaikenthemes.com/gitar/images/team-5.jpg]
[html.awaikenthemes.com/gitar/images/team-6.jpg]
[html.awaikenthemes.com/gitar/images/team-7.jpg]
[html.awaikenthemes.com/gitar/images/team-8.jpg]
[html.awaikenthemes.com/gitar/team.html]
[html.awaikenthemes.com/gitar/team-single.html]
[html.awaikenthemes.com/gitar/images/gallery-7.jpg]
[html.awaikenthemes.com/gitar/images/gallery-8.jpg]
[html.awaikenthemes.com/gitar/images/gallery-9.jpg]
[html.awaikenthemes.com/gitar/image-gallery.html]
[html.awaikenthemes.com/gitar/video-gallery.html]
[html.awaikenthemes.com/gitar/faqs.html]
[html.awaikenthemes.com/gitar/images/404-error-img.png]
[html.awaikenthemes.com/gitar/404.html]
[html.awaikenthemes.com/gitar/images/icon-phone.svg]
[html.awaikenthemes.com/gitar/images/icon-mail.svg]
[html.awaikenthemes.com/gitar/contact.html]
[html.awaikenthemes.com/gitar/images/arrow-white.svg]
[html.awaikenthemes.com/gitar/images/testimonial-quote.svg]
[html.awaikenthemes.com/gitar/images/footer-logo.svg]
[html.awaikenthemes.com/gitar/images/icon-blockquote.svg]
[html.awaikenthemes.com/gitar/images/icon-collection-item-1.svg]
[html.awaikenthemes.com/gitar/images/icon-collection-item-2.svg]
[html.awaikenthemes.com/gitar/images/icon-service-1.svg]
[html.awaikenthemes.com/gitar/images/icon-service-2.svg]
[html.awaikenthemes.com/gitar/images/icon-service-3.svg]
[html.awaikenthemes.com/gitar/images/icon-service-4.svg]
[html.awaikenthemes.com/gitar/images/icon-service-5.svg]
[html.awaikenthemes.com/gitar/images/icon-service-6.svg]
[html.awaikenthemes.com/gitar/images/icon-sidebar-cta-box.svg]
[html.awaikenthemes.com/gitar/images/icon-album-detail-1.svg]
[html.awaikenthemes.com/gitar/images/icon-album-detail-2.svg]
[html.awaikenthemes.com/gitar/images/icon-album-detail-3.svg]
[html.awaikenthemes.com/gitar/images/icon-album-detail-4.svg]
[html.awaikenthemes.com/gitar/images/icon-album-detail-5.svg]
[html.awaikenthemes.com/gitar/images/icon-phone.svg]
[html.awaikenthemes.com/gitar/images/icon-mail.svg]
[html.awaikenthemes.com/gitar/images/icon-location.svg]
[html.awaikenthemes.com/gitar/images/icon-location.svg]
